---
source: compiler-core/src/docs/tests.rs
expression: "pub fn discard(_discarded: a) -> Int { 1 }"
---
<!-- Page: app.html -->

<!-- Selector: .member:has(#discard) -->
<div class="member">
    <div class="member-name">
      <h2 id="discard">
        <a href="#discard">
          discard
        </a>
      </h2>
      
    </div>

    <pre><code class="hljs gleam">pub fn discard(discarded: a) -&gt; Int</code></pre>
    
    <div class="rendered-markdown"></div>
  </div>
