---
source: compiler-core/src/docs/tests.rs
expression: "\n//// Here's an example code snippet:\n//// ```\n//// wibble\n////   |> wobble\n//// ```\n////\n"
---
<!-- Page: app.html -->

<!-- Selector: .content -->
<main class="content">
        
<h1 class="module-name" id="module-name">
  <a href="#module-name">app</a>
  <svg class="icon icon-gleam-chasse"><use xlink:href="#icon-gleam-chasse"></use></svg>
</h1>
<p>Hereâ€™s an example code snippet:</p>
<pre><code>wibble
  |&gt; wobble
</code></pre>






      </main>
