---
source: compiler-core/src/docs/tests.rs
expression: "html_page_to_string(compile(config, modules), vec![\".member:has(#lazy_or)\"])"
---
<!-- Page: app.html -->

<!-- Selector: .member:has(#lazy_or) -->
<div class="member">
    <div class="member-name">
      <h2 id="lazy_or">
        <a href="#lazy_or">
          lazy_or
        </a>
      </h2>
      
    </div>

    <pre><code class="hljs gleam">pub fn lazy_or(
  first: Option(a),
  second: fn() -&gt; Option(a),
) -&gt; Option(a)</code></pre>
    
    <div class="rendered-markdown"><p>Returns the first value if it is <code>Some</code>, otherwise evaluates the given
function for a fallback value.</p>
</div>
  </div>
