---
source: compiler-core/src/docs/tests.rs
expression: "\n/// Here's an example code snippet:\n/// ```\n/// wibble\n///   |> wobble\n/// ```\n///\npub fn indentation_test() {\n  todo\n}\n"
---
<!-- Page: app.html -->

<!-- Selector: .member:has(#indentation_test) -->
<div class="member">
    <div class="member-name">
      <h2 id="indentation_test">
        <a href="#indentation_test">
          indentation_test
        </a>
      </h2>
      
    </div>

    <pre><code class="hljs gleam">pub fn indentation_test() -&gt; a</code></pre>
    
    <div class="rendered-markdown"><p>Hereâ€™s an example code snippet:</p>
<pre><code>wibble
  |&gt; wobble
</code></pre>
</div>
  </div>
