---
source: compiler-core/src/docs/tests.rs
expression: "html_page_to_string(compile(config, modules), vec![\".member:has(#one)\"])"
---
<!-- Page: app.html -->

<!-- Selector: .member:has(#one) -->
<div class="member">
    <div class="member-name">
      <h2 id="one">
        <a href="#one">
          one
        </a>
      </h2>
      
    </div>

    <pre><code class="hljs gleam">pub fn one(arg: a) -&gt; Int</code></pre>
    
    <div class="rendered-markdown"></div>
  </div>
